// Jest Snapshot v1, https://goo.gl/fbAQLP

exports[`<Hero /> Renders HERO as expected 1`] = `
<header
  className="hero"
>
  <h1
    className="app_name"
  >
    Code Incubator
  </h1>
  <h3
    className="hero_tag"
  >
    Grow your web development ideas into full-stack projects
  </h3>
</header>
`;
