// Jest Snapshot v1, https://goo.gl/fbAQLP

exports[`<Hero /> Renders HERO as expected 1`] = `
<header
  className="hero"
>
  <nav
    className="navigationBar"
  >
    <ul
      className="nav_logo"
    >
      <li
        className="nav_li"
      >
        <a
          href="/"
          onClick={[Function]}
        >
          Code Incubator
        </a>
      </li>
    </ul>
    <ul
      className="navigation_list"
    >
      <li
        className="nav_li"
      >
        <a
          href="/login"
          onClick={[Function]}
        >
          Login
        </a>
      </li>
      <li
        className="nav_li"
      >
        <a
          href="/register"
          onClick={[Function]}
        >
          Register
        </a>
      </li>
    </ul>
  </nav>
  <h1
    className="hero_title"
  >
    Code Incubator
  </h1>
  <h3
    className="hero_tag"
  >
    Grow your web development ideas into full-stack projects
  </h3>
</header>
`;
