// Jest Snapshot v1, https://goo.gl/fbAQLP

exports[`<LoginForm /> renders as expected 1`] = `
<form
  className="registration_form"
  onSubmit={[Function]}
>
  <h2
    className="section_title"
  >
    Login
  </h2>
  <hr />
  <label
    htmlFor="email"
  >
    Email:
  </label>
  <input
    id="email"
    name="email"
    placeholder="Enter Email"
    required={true}
    type="text"
  />
  <label
    htmlFor="password"
  >
    Password:
  </label>
  <input
    id="password"
    name="password"
    placeholder="Enter Password"
    required={true}
    type="password"
  />
  <div
    role="alert"
  />
  <button
    className="form_button"
    type="submit"
  >
    Login
  </button>
</form>
`;
